*** CACHE SETTINGS ***
  Unified I- D-cache
  Size: 	8192
  Associativity: 	1
  Block size: 	32
  Write policy: 	WRITE BACK
  Allocation policy: 	WRITE ALLOCATE

*** CACHE STATISTICS ***
 INSTRUCTIONS
  accesses:  6920
  misses:    26
  miss rate: 0.0038 (hit rate 0.9962)
  replace:   15
 DATA
  accesses:  3080
  misses:    46
  miss rate: 0.0149 (hit rate 0.9851)
  replace:   15
 TRAFFIC (in words)
  demand fetch:  576
  copies back:   152
