*** CACHE SETTINGS ***
  Unified I- D-cache
  Size: 	8192
  Associativity: 	1
  Block size: 	64
  Write policy: 	WRITE BACK
  Allocation policy: 	WRITE ALLOCATE

*** CACHE STATISTICS ***
 INSTRUCTIONS
  accesses:  6920
  misses:    22
  miss rate: 0.0032 (hit rate 0.9968)
  replace:   17
 DATA
  accesses:  3080
  misses:    36
  miss rate: 0.0117 (hit rate 0.9883)
  replace:   17
 TRAFFIC (in words)
  demand fetch:  928
  copies back:   320
